// Jest Snapshot v1, https://goo.gl/fbAQLP

exports[`App renders correctly 1`] = `
<DocumentFragment>
  <div
    class="weather-app"
  >
    <h1>
      Welcome to the weather app, search for a city to see the weather
    </h1>
    <div
      class="city-search"
    >
      <input
        placeholder="Search for a city"
        type="text"
        value=""
      />
      <button
        type="submit"
      >
        Submit
      </button>
    </div>
  </div>
</DocumentFragment>
`;
