// Jest Snapshot v1, https://goo.gl/fbAQLP

exports[`ForecastSummary renders correctly 1`] = `
<DocumentFragment>
  <div
    data-testid="forecast-summary"
  >
    <div
      class="forecast-summary-date"
    >
      Mon Apr 30 2018
    </div>
    <div
      class="forecast-summary-temperature"
    >
      22Â°C
    </div>
    <div
      class="forecast-summary-description"
    >
      Stub description
    </div>
    <div
      class="forecast-summary-icon"
      data-testid="forecast-icon"
    >
      <i
        class="wi wi-day-sunny wi-flip-horizontal wi-rotate-90"
        name="owm"
      />
    </div>
    <button
      type="button"
    >
      More details
    </button>
  </div>
</DocumentFragment>
`;
