// Jest Snapshot v1, https://goo.gl/fbAQLP

exports[`ForecastSummaries renders correctly 1`] = `
<DocumentFragment>
  <div
    class="forecast-summaries"
  >
    <div
      data-testid="forecast-summary"
    >
      <div
        class="forecast-summary-date"
      >
        Mon Apr 30 2018
      </div>
      <div
        class="forecast-summary-temperature"
      >
        15°C
      </div>
      <div
        class="forecast-summary-description"
      >
        test
      </div>
      <div
        class="forecast-summary-icon"
        data-testid="forecast-icon"
      >
        <i
          class="wi wi-day-sunny wi-flip-horizontal wi-rotate-90"
          name="owm"
        />
      </div>
      <button
        type="button"
      >
        More details
      </button>
    </div>
    <div
      data-testid="forecast-summary"
    >
      <div
        class="forecast-summary-date"
      >
        Mon Apr 30 2018
      </div>
      <div
        class="forecast-summary-temperature"
      >
        10°C
      </div>
      <div
        class="forecast-summary-description"
      >
        test2
      </div>
      <div
        class="forecast-summary-icon"
        data-testid="forecast-icon"
      >
        <i
          class="wi wi-day-sunny wi-flip-horizontal wi-rotate-90"
          name="owm"
        />
      </div>
      <button
        type="button"
      >
        More details
      </button>
    </div>
  </div>
</DocumentFragment>
`;
